execve("/usr/bin/rm", ["rm", "test2"], [/* 25 vars */]) = 0
brk(0)                                  = 0x147d000
mmap(NULL, 4096, PROT_READ|PROT_WRITE, MAP_PRIVATE|MAP_ANONYMOUS, -1, 0) = 0x7fe91bdf5000
access("/etc/ld.so.preload", R_OK)      = -1 ENOENT (No such file or directory)
open("/etc/ld.so.cache", O_RDONLY|O_CLOEXEC) = 3
fstat(3, {st_mode=S_IFREG|0644, st_size=33397, ...}) = 0
mmap(NULL, 33397, PROT_READ, MAP_PRIVATE, 3, 0) = 0x7fe91bdec000
close(3)                                = 0
open("/lib64/libc.so.6", O_RDONLY|O_CLOEXEC) = 3
read(3, "\177ELF\2\1\1\3\0\0\0\0\0\0\0\0\3\0>\0\1\0\0\0@\34\2\0\0\0\0\0"..., 832) = 832
fstat(3, {st_mode=S_IFREG|0755, st_size=2118128, ...}) = 0
mmap(NULL, 3932672, PROT_READ|PROT_EXEC, MAP_PRIVATE|MAP_DENYWRITE, 3, 0) = 0x7fe91b816000
mprotect(0x7fe91b9cd000, 2093056, PROT_NONE) = 0
mmap(0x7fe91bbcc000, 24576, PROT_READ|PROT_WRITE, MAP_PRIVATE|MAP_FIXED|MAP_DENYWRITE, 3, 0x1b6000) = 0x7fe91bbcc000
mmap(0x7fe91bbd2000, 16896, PROT_READ|PROT_WRITE, MAP_PRIVATE|MAP_FIXED|MAP_ANONYMOUS, -1, 0) = 0x7fe91bbd2000
close(3)                                = 0
mmap(NULL, 4096, PROT_READ|PROT_WRITE, MAP_PRIVATE|MAP_ANONYMOUS, -1, 0) = 0x7fe91bdeb000
mmap(NULL, 8192, PROT_READ|PROT_WRITE, MAP_PRIVATE|MAP_ANONYMOUS, -1, 0) = 0x7fe91bde9000
arch_prctl(ARCH_SET_FS, 0x7fe91bde9740) = 0
mprotect(0x7fe91bbcc000, 16384, PROT_READ) = 0
mprotect(0x60d000, 4096, PROT_READ)     = 0
mprotect(0x7fe91bdf6000, 4096, PROT_READ) = 0
munmap(0x7fe91bdec000, 33397)           = 0
brk(0)                                  = 0x147d000
brk(0x149e000)                          = 0x149e000
brk(0)                                  = 0x149e000
open("/usr/lib/locale/locale-archive", O_RDONLY|O_CLOEXEC) = 3
fstat(3, {st_mode=S_IFREG|0644, st_size=106070960, ...}) = 0
mmap(NULL, 106070960, PROT_READ, MAP_PRIVATE, 3, 0) = 0x7fe9152ed000
close(3)                                = 0
ioctl(0, SNDCTL_TMR_TIMEBASE or SNDRV_TIMER_IOCTL_NEXT_DEVICE or TCGETS, {B38400 opost isig icanon echo ...}) = 0
newfstatat(AT_FDCWD, "test2", {st_mode=S_IFREG|0644, st_size=5, ...}, AT_SYMLINK_NOFOLLOW) = 0
geteuid()                               = 0
unlinkat(AT_FDCWD, "test2", 0)          = 0
lseek(0, 0, SEEK_CUR)                   = -1 ESPIPE (Illegal seek)
close(0)                                = 0
close(1)                                = 0
close(2)                                = 0
exit_group(0)                           = ?
+++ exited with 0 +++
